
Memory Configuration

Name             Origin             Length             Attributes
public_ram       0x0000000070010000 0x0000000000001000
public_stack     0x0000000070020000 0x0000000000001000
*default*        0x0000000000000000 0xffffffffffffffff

Linker script and memory map

                0x0000000070010000                _PUBLIC_RAM_INIT = 0x70010000
                0x0000000070020000                _PUBLIC_STACK_INIT = 0x70020000
                0x0000000070010000                . = _PUBLIC_RAM_INIT

.text           0x0000000070010000       0x44
 *(.text*)
 .text          0x0000000070010000       0x34 obj/suma_abi.o
                0x0000000070010000                _start
 .text          0x0000000070010034       0x10 obj/suma_c.o
                0x0000000070010034                suma_c
                0x000000007001003c                mult_c

.glue_7         0x0000000070010044        0x0
 .glue_7        0x0000000070010044        0x0 linker stubs

.glue_7t        0x0000000070010044        0x0
 .glue_7t       0x0000000070010044        0x0 linker stubs

.vfp11_veneer   0x0000000070010044        0x0
 .vfp11_veneer  0x0000000070010044        0x0 linker stubs

.v4_bx          0x0000000070010044        0x0
 .v4_bx         0x0000000070010044        0x0 linker stubs

.iplt           0x0000000070010044        0x0
 .iplt          0x0000000070010044        0x0 obj/suma_abi.o

.rel.dyn        0x0000000070010044        0x0
 .rel.iplt      0x0000000070010044        0x0 obj/suma_abi.o

.data           0x0000000070010044        0x0
 *(.data*)
 .data          0x0000000070010044        0x0 obj/suma_abi.o
 .data          0x0000000070010044        0x0 obj/suma_c.o

.igot.plt       0x0000000070010044        0x0
 .igot.plt      0x0000000070010044        0x0 obj/suma_abi.o

.bss            0x0000000070010044        0x0
                0x0000000070010044                . = ALIGN (0x4)
                0x0000000070010044                __bss_start__ = .
 *(.bss*)
 .bss           0x0000000070010044        0x0 obj/suma_abi.o
 .bss           0x0000000070010044        0x0 obj/suma_c.o
                0x0000000070010044                __bss_end__ = .
LOAD /usr/lib/arm-none-eabi/newlib//libc.a
LOAD obj/suma_abi.o
LOAD obj/suma_c.o
OUTPUT(obj/mi_suma.elf elf32-littlearm)
LOAD linker stubs

.ARM.attributes
                0x0000000000000000       0x2d
 .ARM.attributes
                0x0000000000000000       0x16 obj/suma_abi.o
 .ARM.attributes
                0x0000000000000016       0x31 obj/suma_c.o

.comment        0x0000000000000000       0x33
 .comment       0x0000000000000000       0x33 obj/suma_c.o
                                         0x34 (size before relaxing)
